#-----------------------------------------------------------
# Vivado v2023.1 (64-bit)
# SW Build 3865809 on Sun May  7 15:05:29 MDT 2023
# IP Build 3864474 on Sun May  7 20:36:21 MDT 2023
# SharedData Build 3865790 on Sun May 07 13:33:03 MDT 2023
# Start of session at: Sat Dec  2 22:36:46 2023
# Process ID: 33524
# Current directory: D:/campus/courses/TA-ECE37000J/VE370/lab/lab7-2
# Command line: vivado.exe -gui_launcher_event rodinguilauncherevent2936 D:\campus\courses\TA-ECE37000J\VE370\lab\lab7-2\lab7-2.xpr
# Log file: D:/campus/courses/TA-ECE37000J/VE370/lab/lab7-2/vivado.log
# Journal file: D:/campus/courses/TA-ECE37000J/VE370/lab/lab7-2\vivado.jou
# Running On: DESKTOP-NLBNSIA, OS: Windows, CPU Frequency: 2592 MHz, CPU Physical cores: 6, Host memory: 34138 MB
#-----------------------------------------------------------
start_gui
open_project D:/campus/courses/TA-ECE37000J/VE370/lab/lab7-2/lab7-2.xpr
upgrade_project -migrate_output_products
update_compile_order -fileset sources_1
launch_simulation
source sim_lab7.tcl
close_sim
